2025-10-12 01:10:39,884 INFO Processed ab-412-bansal/AlgoVision
2025-10-12 01:10:43,011 INFO Processed ab-412-bansal/Bus-Reservation-System
2025-10-12 01:10:46,291 INFO Processed ab-412-bansal/CogniSight
2025-10-12 01:10:49,849 INFO Processed ab-412-bansal/Food-Stall-Application
2025-10-12 01:10:53,097 INFO Processed ab-412-bansal/HandyMath
2025-10-12 01:14:19,661 INFO Processed torvalds/linux
2025-10-12 01:14:22,829 INFO Processed ab-412-bansal/AlgoVision
2025-10-12 01:14:25,900 INFO Processed ab-412-bansal/Bus-Reservation-System
2025-10-12 01:14:29,072 INFO Processed ab-412-bansal/CogniSight
2025-10-12 01:14:32,353 INFO Processed ab-412-bansal/Food-Stall-Application
2025-10-12 01:22:24,674 INFO Processed torvalds/linux
2025-10-12 01:46:57,848 INFO Processed ab-412-bansal/AlgoVision
2025-10-12 01:49:04,083 INFO Processed ab-412-bansal/AlgoVision
2025-10-12 01:55:37,813 INFO Processed ab-412-bansal/AlgoVision
2025-10-12 01:59:24,290 INFO Processed ab-412-bansal/AlgoVision
2025-10-12 02:05:37,396 INFO Processed ab-412-bansal/AlgoVision
2025-10-12 02:06:57,587 INFO Processed torvalds/linux
2025-10-12 02:15:00,685 INFO Processed ab-412-bansal/AlgoVision
2025-10-12 02:16:15,483 INFO Processed torvalds/linux
2025-10-12 02:27:03,055 INFO Processed ab-412-bansal/AlgoVision
2025-10-12 02:28:21,003 INFO Processed torvalds/linux
2025-10-12 02:34:07,848 INFO Processed ab-412-bansal/AlgoVision
2025-10-12 02:35:18,285 INFO Processed torvalds/linux
2025-10-12 02:35:22,148 INFO Processed ab-412-bansal/Startup-Success-Prediction-Project
2025-10-12 02:44:15,449 INFO Processed ab-412-bansal/AlgoVision
2025-10-12 02:45:27,872 INFO Processed torvalds/linux
2025-10-12 02:45:31,753 INFO Processed ab-412-bansal/Startup-Success-Prediction-Project
2025-10-12 02:45:38,844 INFO Processed ab-412-bansal/Test-Security-Repository
